// Jest Snapshot v1, https://goo.gl/fbAQLP

exports[`<Aluno/> Renderizar componentes 1`] = `false`;
