// Jest Snapshot v1, https://goo.gl/fbAQLP

exports[`Testing App renders as expected 1`] = `ShallowWrapper {}`;
