// Jest Snapshot v1, https://goo.gl/fbAQLP

exports[`<Aluno/> Renderizar aluno 1`] = `false`;
